// Jest Snapshot v1, https://goo.gl/fbAQLP

exports[`<Page /> renders correctly 1`] = `
<RNCSafeAreaView
  edges={
    {
      "bottom": "additive",
      "left": "additive",
      "right": "additive",
      "top": "additive",
    }
  }
  style={
    {
      "backgroundColor": "#030304",
    }
  }
>
  <Text
    style={
      {
        "alignSelf": "center",
        "color": "#fdfffc",
        "fontSize": 24,
        "fontWeight": "bold",
        "marginTop": 80,
      }
    }
  >
    Welcome back
  </Text>
  <View
    animatedStyle={
      {
        "value": {
          "transform": [
            {
              "translateX": 0,
            },
          ],
        },
      }
    }
    collapsable={false}
    style={
      {
        "alignItems": "center",
        "flexDirection": "row",
        "gap": 20,
        "justifyContent": "center",
        "marginVertical": 100,
        "transform": [
          {
            "translateX": 0,
          },
        ],
      }
    }
  >
    <View
      style={
        [
          {
            "borderRadius": 10,
            "height": 20,
            "width": 20,
          },
          {
            "backgroundColor": "#fdfffc",
          },
        ]
      }
    />
    <View
      style={
        [
          {
            "borderRadius": 10,
            "height": 20,
            "width": 20,
          },
          {
            "backgroundColor": "#fdfffc",
          },
        ]
      }
    />
    <View
      style={
        [
          {
            "borderRadius": 10,
            "height": 20,
            "width": 20,
          },
          {
            "backgroundColor": "#fdfffc",
          },
        ]
      }
    />
    <View
      style={
        [
          {
            "borderRadius": 10,
            "height": 20,
            "width": 20,
          },
          {
            "backgroundColor": "#fdfffc",
          },
        ]
      }
    />
    <View
      style={
        [
          {
            "borderRadius": 10,
            "height": 20,
            "width": 20,
          },
          {
            "backgroundColor": "#fdfffc",
          },
        ]
      }
    />
    <View
      style={
        [
          {
            "borderRadius": 10,
            "height": 20,
            "width": 20,
          },
          {
            "backgroundColor": "#fdfffc",
          },
        ]
      }
    />
  </View>
  <View
    style={
      {
        "gap": 60,
        "marginHorizontal": 80,
      }
    }
  >
    <View
      style={
        {
          "flexDirection": "row",
          "justifyContent": "space-between",
        }
      }
    >
      <View
        accessibilityState={
          {
            "busy": undefined,
            "checked": undefined,
            "disabled": undefined,
            "expanded": undefined,
            "selected": undefined,
          }
        }
        accessibilityValue={
          {
            "max": undefined,
            "min": undefined,
            "now": undefined,
            "text": undefined,
          }
        }
        accessible={true}
        collapsable={false}
        focusable={true}
        onClick={[Function]}
        onResponderGrant={[Function]}
        onResponderMove={[Function]}
        onResponderRelease={[Function]}
        onResponderTerminate={[Function]}
        onResponderTerminationRequest={[Function]}
        onStartShouldSetResponder={[Function]}
        style={
          {
            "opacity": 1,
          }
        }
      >
        <Text
          style={
            {
              "color": "#fdfffc",
              "fontSize": 32,
            }
          }
        >
          1
        </Text>
      </View>
      <View
        accessibilityState={
          {
            "busy": undefined,
            "checked": undefined,
            "disabled": undefined,
            "expanded": undefined,
            "selected": undefined,
          }
        }
        accessibilityValue={
          {
            "max": undefined,
            "min": undefined,
            "now": undefined,
            "text": undefined,
          }
        }
        accessible={true}
        collapsable={false}
        focusable={true}
        onClick={[Function]}
        onResponderGrant={[Function]}
        onResponderMove={[Function]}
        onResponderRelease={[Function]}
        onResponderTerminate={[Function]}
        onResponderTerminationRequest={[Function]}
        onStartShouldSetResponder={[Function]}
        style={
          {
            "opacity": 1,
          }
        }
      >
        <Text
          style={
            {
              "color": "#fdfffc",
              "fontSize": 32,
            }
          }
        >
          2
        </Text>
      </View>
      <View
        accessibilityState={
          {
            "busy": undefined,
            "checked": undefined,
            "disabled": undefined,
            "expanded": undefined,
            "selected": undefined,
          }
        }
        accessibilityValue={
          {
            "max": undefined,
            "min": undefined,
            "now": undefined,
            "text": undefined,
          }
        }
        accessible={true}
        collapsable={false}
        focusable={true}
        onClick={[Function]}
        onResponderGrant={[Function]}
        onResponderMove={[Function]}
        onResponderRelease={[Function]}
        onResponderTerminate={[Function]}
        onResponderTerminationRequest={[Function]}
        onStartShouldSetResponder={[Function]}
        style={
          {
            "opacity": 1,
          }
        }
      >
        <Text
          style={
            {
              "color": "#fdfffc",
              "fontSize": 32,
            }
          }
        >
          3
        </Text>
      </View>
    </View>
    <View
      style={
        {
          "flexDirection": "row",
          "justifyContent": "space-between",
        }
      }
    >
      <View
        accessibilityState={
          {
            "busy": undefined,
            "checked": undefined,
            "disabled": undefined,
            "expanded": undefined,
            "selected": undefined,
          }
        }
        accessibilityValue={
          {
            "max": undefined,
            "min": undefined,
            "now": undefined,
            "text": undefined,
          }
        }
        accessible={true}
        collapsable={false}
        focusable={true}
        onClick={[Function]}
        onResponderGrant={[Function]}
        onResponderMove={[Function]}
        onResponderRelease={[Function]}
        onResponderTerminate={[Function]}
        onResponderTerminationRequest={[Function]}
        onStartShouldSetResponder={[Function]}
        style={
          {
            "opacity": 1,
          }
        }
      >
        <Text
          style={
            {
              "color": "#fdfffc",
              "fontSize": 32,
            }
          }
        >
          4
        </Text>
      </View>
      <View
        accessibilityState={
          {
            "busy": undefined,
            "checked": undefined,
            "disabled": undefined,
            "expanded": undefined,
            "selected": undefined,
          }
        }
        accessibilityValue={
          {
            "max": undefined,
            "min": undefined,
            "now": undefined,
            "text": undefined,
          }
        }
        accessible={true}
        collapsable={false}
        focusable={true}
        onClick={[Function]}
        onResponderGrant={[Function]}
        onResponderMove={[Function]}
        onResponderRelease={[Function]}
        onResponderTerminate={[Function]}
        onResponderTerminationRequest={[Function]}
        onStartShouldSetResponder={[Function]}
        style={
          {
            "opacity": 1,
          }
        }
      >
        <Text
          style={
            {
              "color": "#fdfffc",
              "fontSize": 32,
            }
          }
        >
          5
        </Text>
      </View>
      <View
        accessibilityState={
          {
            "busy": undefined,
            "checked": undefined,
            "disabled": undefined,
            "expanded": undefined,
            "selected": undefined,
          }
        }
        accessibilityValue={
          {
            "max": undefined,
            "min": undefined,
            "now": undefined,
            "text": undefined,
          }
        }
        accessible={true}
        collapsable={false}
        focusable={true}
        onClick={[Function]}
        onResponderGrant={[Function]}
        onResponderMove={[Function]}
        onResponderRelease={[Function]}
        onResponderTerminate={[Function]}
        onResponderTerminationRequest={[Function]}
        onStartShouldSetResponder={[Function]}
        style={
          {
            "opacity": 1,
          }
        }
      >
        <Text
          style={
            {
              "color": "#fdfffc",
              "fontSize": 32,
            }
          }
        >
          6
        </Text>
      </View>
    </View>
    <View
      style={
        {
          "flexDirection": "row",
          "justifyContent": "space-between",
        }
      }
    >
      <View
        accessibilityState={
          {
            "busy": undefined,
            "checked": undefined,
            "disabled": undefined,
            "expanded": undefined,
            "selected": undefined,
          }
        }
        accessibilityValue={
          {
            "max": undefined,
            "min": undefined,
            "now": undefined,
            "text": undefined,
          }
        }
        accessible={true}
        collapsable={false}
        focusable={true}
        onClick={[Function]}
        onResponderGrant={[Function]}
        onResponderMove={[Function]}
        onResponderRelease={[Function]}
        onResponderTerminate={[Function]}
        onResponderTerminationRequest={[Function]}
        onStartShouldSetResponder={[Function]}
        style={
          {
            "opacity": 1,
          }
        }
      >
        <Text
          style={
            {
              "color": "#fdfffc",
              "fontSize": 32,
            }
          }
        >
          7
        </Text>
      </View>
      <View
        accessibilityState={
          {
            "busy": undefined,
            "checked": undefined,
            "disabled": undefined,
            "expanded": undefined,
            "selected": undefined,
          }
        }
        accessibilityValue={
          {
            "max": undefined,
            "min": undefined,
            "now": undefined,
            "text": undefined,
          }
        }
        accessible={true}
        collapsable={false}
        focusable={true}
        onClick={[Function]}
        onResponderGrant={[Function]}
        onResponderMove={[Function]}
        onResponderRelease={[Function]}
        onResponderTerminate={[Function]}
        onResponderTerminationRequest={[Function]}
        onStartShouldSetResponder={[Function]}
        style={
          {
            "opacity": 1,
          }
        }
      >
        <Text
          style={
            {
              "color": "#fdfffc",
              "fontSize": 32,
            }
          }
        >
          8
        </Text>
      </View>
      <View
        accessibilityState={
          {
            "busy": undefined,
            "checked": undefined,
            "disabled": undefined,
            "expanded": undefined,
            "selected": undefined,
          }
        }
        accessibilityValue={
          {
            "max": undefined,
            "min": undefined,
            "now": undefined,
            "text": undefined,
          }
        }
        accessible={true}
        collapsable={false}
        focusable={true}
        onClick={[Function]}
        onResponderGrant={[Function]}
        onResponderMove={[Function]}
        onResponderRelease={[Function]}
        onResponderTerminate={[Function]}
        onResponderTerminationRequest={[Function]}
        onStartShouldSetResponder={[Function]}
        style={
          {
            "opacity": 1,
          }
        }
      >
        <Text
          style={
            {
              "color": "#fdfffc",
              "fontSize": 32,
            }
          }
        >
          9
        </Text>
      </View>
    </View>
    <View
      style={
        {
          "alignItems": "center",
          "flexDirection": "row",
          "justifyContent": "space-between",
        }
      }
    >
      <View
        accessibilityState={
          {
            "busy": undefined,
            "checked": undefined,
            "disabled": undefined,
            "expanded": undefined,
            "selected": undefined,
          }
        }
        accessibilityValue={
          {
            "max": undefined,
            "min": undefined,
            "now": undefined,
            "text": undefined,
          }
        }
        accessible={true}
        collapsable={false}
        focusable={true}
        onClick={[Function]}
        onResponderGrant={[Function]}
        onResponderMove={[Function]}
        onResponderRelease={[Function]}
        onResponderTerminate={[Function]}
        onResponderTerminationRequest={[Function]}
        onStartShouldSetResponder={[Function]}
        style={
          {
            "opacity": 1,
          }
        }
      >
        <MaterialCommunityIcons
          color="#fdfffc"
          name="face-recognition"
          size={26}
        />
      </View>
      <View
        accessibilityState={
          {
            "busy": undefined,
            "checked": undefined,
            "disabled": undefined,
            "expanded": undefined,
            "selected": undefined,
          }
        }
        accessibilityValue={
          {
            "max": undefined,
            "min": undefined,
            "now": undefined,
            "text": undefined,
          }
        }
        accessible={true}
        collapsable={false}
        focusable={true}
        onClick={[Function]}
        onResponderGrant={[Function]}
        onResponderMove={[Function]}
        onResponderRelease={[Function]}
        onResponderTerminate={[Function]}
        onResponderTerminationRequest={[Function]}
        onStartShouldSetResponder={[Function]}
        style={
          {
            "opacity": 1,
          }
        }
      >
        <Text
          style={
            {
              "color": "#fdfffc",
              "fontSize": 32,
            }
          }
        >
          0
        </Text>
      </View>
      <View
        style={
          {
            "minWidth": 30,
          }
        }
      />
    </View>
    <Text
      style={
        {
          "alignSelf": "center",
          "color": "#fdfffc",
          "fontSize": 18,
          "fontWeight": "500",
        }
      }
    >
      Forgot your passcode?
    </Text>
  </View>
</RNCSafeAreaView>
`;
